=== npm test ===

[2m Test Files [22m [1m[32m5 passed[39m[22m[90m (5)[39m
[2m      Tests [22m [1m[32m59 passed[39m[22m[90m (59)[39m
[2m   Start at [22m 18:35:53
[2m   Duration [22m 921ms[2m (transform 382ms, setup 0ms, collect 770ms, tests 45ms, environment 1ms, prepare 581ms)[22m


=== tsc --noEmit ===
exit=0 (无输出即通过)

=== vite build (root) ===
[32m✓[39m 32 modules transformed.
rendering chunks...
computing gzip size...
[2mdist/[22m[32mindex.html                 [39m[1m[2m  5.19 kB[22m[1m[22m[2m │ gzip:   2.08 kB[22m
[2mdist/[22m[35massets/index-DYUrNs7O.css  [39m[1m[2m 10.92 kB[22m[1m[22m[2m │ gzip:   3.12 kB[22m
[2mdist/[22m[36massets/index-BjyZpbS8.js   [39m[1m[2m604.07 kB[22m[1m[22m[2m │ gzip: 163.93 kB[22m
[32m✓ built in 1.04s[39m

=== vite build (--base /ship/ --outDir dist-sub) ===
computing gzip size...
[2mdist-sub/[22m[32mindex.html                 [39m[1m[2m  5.20 kB[22m[1m[22m[2m │ gzip:   2.08 kB[22m
[2mdist-sub/[22m[35massets/index-DYUrNs7O.css  [39m[1m[2m 10.92 kB[22m[1m[22m[2m │ gzip:   3.12 kB[22m
[2mdist-sub/[22m[36massets/index-BjyZpbS8.js   [39m[1m[2m604.07 kB[22m[1m[22m[2m │ gzip: 163.93 kB[22m
[32m✓ built in 980ms[39m

src="/ship/assets/index-BjyZpbS8.js"
